main.c:199:6:uart_rx_handler	16	static
main.c:233:6:set_pot	24	static
main.c:243:6:vce_test_handler	8	static
main.c:256:6:vbe_test_handler	8	static
main.c:268:6:dac_gen	16	static
main.c:281:6:user_att_task	24	static
main.c:378:5:main	48	static
main.c:481:6:SystemClock_Config	96	static
main.c:530:13:MX_ADC1_Init	32	static
main.c:593:13:MX_DAC1_Init	48	static
main.c:640:13:MX_SPI3_Init	8	static
main.c:680:13:MX_TIM7_Init	24	static
main.c:718:13:MX_USART1_UART_Init	8	static
main.c:751:13:MX_DMA_Init	16	static
main.c:775:13:MX_GPIO_Init	40	static
main.c:827:6:HAL_UART_RxCpltCallback	16	static
main.c:833:6:HAL_TIM_PeriodElapsedCallback	16	static
main.c:866:6:StartDefaultTask	16	static
main.c:881:6:Error_Handler	8	static,ignoring_inline_asm
